[yt1s.com/en1.html]
[backblue.gif]
[fade.gif]
[index.html]
[yt1s.com/statics/image/logo.svg]
[yt1s.com/de1.html]
[yt1s.com/es1.html]
[yt1s.com/fr.html]
[yt1s.com/hi.html]
[yt1s.com/id.html]
[yt1s.com/it1.html]
[yt1s.com/ja1.html]
[yt1s.com/ko1.html]
[yt1s.com/my1.html]
[yt1s.com/ms.html]
[yt1s.com/ph.html]
[yt1s.com/pt1.html]
[yt1s.com/ru1.html]
[yt1s.com/th.html]
[yt1s.com/tr1.html]
[yt1s.com/vi1.html]
[yt1s.com/zh-cn.html]
[yt1s.com/zh-tw.html]
[yt1s.com/sa1.html]
[yt1s.com/bn.html]
[yt1s.com/statics/image/favicon.png]
[yt1s.com/statics/image/apple-touch-icon-57x57.png]
[yt1s.com/statics/image/apple-touch-icon-114x114.png]
[yt1s.com/statics/image/apple-touch-icon-72x72.png]
[yt1s.com/statics/image/apple-touch-icon-144x144.png]
[yt1s.com/statics/image/apple-touch-icon-60x60.png]
[yt1s.com/statics/image/apple-touch-icon-120x120.png]
[yt1s.com/statics/image/apple-touch-icon-76x76.png]
[yt1s.com/statics/image/apple-touch-icon-152x152.png]
[yt1s.com/statics/image/favicon-196x196.png]
[yt1s.com/statics/image/favicon-96x96.png]
[yt1s.com/statics/image/favicon-32x32.png]
[yt1s.com/statics/image/favicon-16x16.png]
[yt1s.com/statics/image/favicon-128x128.png]
[yt1s.com/statics/css/style74d1.css]
[yt1s.com/youtube-to-mp3/en1.html]
[yt1s.com/youtube-to-mp4.html]
[yt1s.com/facebook-downloader.html]
[yt1s.com/statics/image/clock.svg]
[yt1s.com/statics/image/limit.svg]
[yt1s.com/statics/image/safe.svg]
[yt1s.com/statics/image/platform.svg]
[yt1s.com/statics/image/support.svg]
[yt1s.com/statics/image/cloud.svg]
[yt1s.com/statics/image/icon1.svg]
[yt1s.com/statics/image/icon2.svg]
[yt1s.com/statics/image/icon3.svg]
[yt1s.com/statics/image/icon4.svg]
[yt1s.com/statics/image/icon5.svg]
[yt1s.com/contact-us.html]
[yt1s.com/privacy-policy.html]
[yt1s.com/terms-of-service.html]
[yt1s.com/en1.html]
[yt1s.com/statics/image/logo.svg]
[yt1s.com/statics/js/jquery.min61de.js]
[yt1s.com/youtube-to-mp3/de1.html]
[yt1s.com/youtube-to-mp4/de.html]
[yt1s.com/de1.html]
[yt1s.com/facebook-downloader/de.html]
[yt1s.com/youtube-to-mp3/es.html]
[yt1s.com/youtube-to-mp4/es.html]
[yt1s.com/es1.html]
[yt1s.com/facebook-downloader/es.html]
[yt1s.com/youtube-to-mp3/fr.html]
[yt1s.com/youtube-to-mp4/fr.html]
[yt1s.com/fr.html]
[yt1s.com/facebook-downloader/fr.html]
[yt1s.com/youtube-to-mp3/hi.html]
[yt1s.com/youtube-to-mp4/hi.html]
[yt1s.com/hi.html]
[yt1s.com/facebook-downloader/hi.html]
[yt1s.com/youtube-to-mp3/id.html]
[yt1s.com/youtube-to-mp4/id.html]
[yt1s.com/id.html]
[yt1s.com/facebook-downloader/id.html]
[yt1s.com/youtube-to-mp3/it.html]
[yt1s.com/youtube-to-mp4/it.html]
[yt1s.com/it1.html]
[yt1s.com/facebook-downloader/it.html]
[yt1s.com/youtube-to-mp3/ja.html]
[yt1s.com/youtube-to-mp4/ja.html]
[yt1s.com/ja1.html]
[yt1s.com/facebook-downloader/ja.html]
[yt1s.com/youtube-to-mp3/ko.html]
[yt1s.com/youtube-to-mp4/ko.html]
[yt1s.com/ko1.html]
[yt1s.com/facebook-downloader/ko.html]
[yt1s.com/youtube-to-mp3/my.html]
[yt1s.com/youtube-to-mp4/my.html]
[yt1s.com/my1.html]
[yt1s.com/facebook-downloader/my.html]
[yt1s.com/youtube-to-mp3/ms.html]
[yt1s.com/youtube-to-mp4/ms.html]
[yt1s.com/ms.html]
[yt1s.com/facebook-downloader/ms.html]
[yt1s.com/youtube-to-mp3/ph.html]
[yt1s.com/youtube-to-mp4/ph.html]
[yt1s.com/ph.html]
[yt1s.com/facebook-downloader/ph.html]
[yt1s.com/youtube-to-mp3/pt.html]
[yt1s.com/youtube-to-mp4/pt.html]
[yt1s.com/pt1.html]
[yt1s.com/facebook-downloader/pt.html]
[yt1s.com/youtube-to-mp3/ru.html]
[yt1s.com/youtube-to-mp4/ru.html]
[yt1s.com/ru1.html]
[yt1s.com/facebook-downloader/ru.html]
[yt1s.com/youtube-to-mp3/th.html]
[yt1s.com/youtube-to-mp4/th.html]
[yt1s.com/th.html]
[yt1s.com/facebook-downloader/th.html]
[yt1s.com/youtube-to-mp3/tr.html]
[yt1s.com/youtube-to-mp4/tr.html]
[yt1s.com/tr1.html]
[yt1s.com/facebook-downloader/tr.html]
[yt1s.com/youtube-to-mp3/vi.html]
[yt1s.com/youtube-to-mp4/vi.html]
[yt1s.com/vi1.html]
[yt1s.com/facebook-downloader/vi.html]
[yt1s.com/youtube-to-mp3/zh-cn.html]
[yt1s.com/youtube-to-mp4/zh-cn.html]
[yt1s.com/zh-cn.html]
[yt1s.com/facebook-downloader/zh-cn.html]
[yt1s.com/youtube-to-mp3/zh-tw.html]
[yt1s.com/youtube-to-mp4/zh-tw.html]
[yt1s.com/zh-tw.html]
[yt1s.com/facebook-downloader/zh-tw.html]
[yt1s.com/youtube-to-mp3/sa.html]
[yt1s.com/youtube-to-mp4/sa.html]
[yt1s.com/sa1.html]
[yt1s.com/facebook-downloader/sa.html]
[yt1s.com/youtube-to-mp3/bn.html]
[yt1s.com/youtube-to-mp4/bn.html]
[yt1s.com/bn.html]
[yt1s.com/statics/css/style74d1.css]
[yt1s.com/youtube-to-mp3/en1.html]
[yt1s.com/youtube-to-mp4.html]
[yt1s.com/facebook-downloader.html]
[yt1s.com/statics/image/clock.svg]
[yt1s.com/statics/image/limit.svg]
[yt1s.com/statics/image/safe.svg]
[yt1s.com/statics/image/platform.svg]
[yt1s.com/statics/image/support.svg]
[yt1s.com/statics/image/cloud.svg]
[yt1s.com/statics/image/icon1.svg]
[yt1s.com/statics/image/icon2.svg]
[yt1s.com/statics/image/icon3.svg]
[yt1s.com/statics/image/icon4.svg]
[yt1s.com/statics/image/icon5.svg]
[yt1s.com/facebook-downloader/bn.html]
[yt1s.com/contact-usfef7.html]
[yt1s.com/contact-us0016.html]
[yt1s.com/contact-usde3a.html]
[yt1s.com/contact-us7d7c.html]
[yt1s.com/contact-us9841.html]
[yt1s.com/contact-us0cf2.html]
[yt1s.com/contact-usa209.html]
[yt1s.com/contact-us9e29.html]
[yt1s.com/contact-us232e.html]
[yt1s.com/contact-us4f02.html]
[yt1s.com/contact-us7c40.html]
[yt1s.com/contact-us7789.html]
[yt1s.com/contact-us28b7.html]
[yt1s.com/contact-us9201.html]
[yt1s.com/contact-us7a92.html]
[yt1s.com/contact-us9e3e.html]
[yt1s.com/contact-us327f.html]
[yt1s.com/contact-us0b8e.html]
[yt1s.com/contact-usf854.html]
[yt1s.com/contact-us4a9e.html]
[yt1s.com/contact-usd294.html]
[yt1s.com/cdn-cgi/l/email-protection.html]
[yt1s.com/contact-us.html]
[yt1s.com/cdn-cgi/scripts/5c5dd728/cloudflare-static/email-decode.min.js]
[yt1s.com/privacy-policyfef7.html]
[yt1s.com/privacy-policy0016.html]
[yt1s.com/privacy-policyde3a.html]
[yt1s.com/privacy-policy7d7c.html]
[yt1s.com/privacy-policy9841.html]
[yt1s.com/privacy-policy0cf2.html]
[yt1s.com/privacy-policya209.html]
[yt1s.com/privacy-policy9e29.html]
[yt1s.com/privacy-policy232e.html]
[yt1s.com/privacy-policy4f02.html]
[yt1s.com/privacy-policy7c40.html]
[yt1s.com/privacy-policy7789.html]
[yt1s.com/privacy-policy28b7.html]
[yt1s.com/privacy-policy9201.html]
[yt1s.com/privacy-policy7a92.html]
[yt1s.com/privacy-policy9e3e.html]
[yt1s.com/privacy-policy327f.html]
[yt1s.com/privacy-policy0b8e.html]
[yt1s.com/privacy-policyf854.html]
[yt1s.com/privacy-policy4a9e.html]
[yt1s.com/privacy-policy.html]
[yt1s.com/privacy-policyd294.html]
[yt1s.com/site/termsofservicefef7.html]
[yt1s.com/site/termsofservice0016.html]
[yt1s.com/site/termsofservicede3a.html]
[yt1s.com/site/termsofservice7d7c.html]
[yt1s.com/site/termsofservice9841.html]
[yt1s.com/site/termsofservice0cf2.html]
[yt1s.com/site/termsofservicea209.html]
[yt1s.com/site/termsofservice9e29.html]
[yt1s.com/site/termsofservice232e.html]
[yt1s.com/site/termsofservice4f02.html]
[yt1s.com/site/termsofservice7c40.html]
[yt1s.com/site/termsofservice7789.html]
[yt1s.com/site/termsofservice28b7.html]
[yt1s.com/site/termsofservice9201.html]
[yt1s.com/site/termsofservice7a92.html]
[yt1s.com/site/termsofservice9e3e.html]
[yt1s.com/site/termsofservice327f.html]
[yt1s.com/site/termsofservice0b8e.html]
[yt1s.com/site/termsofservicef854.html]
[yt1s.com/site/termsofservice4a9e.html]
[yt1s.com/terms-of-service.html]
[yt1s.com/youtube-to-mp3/de1.html]
[yt1s.com/youtube-to-mp4/de.html]
[yt1s.com/facebook-downloader/de.html]
[yt1s.com/youtube-to-mp3/es.html]
[yt1s.com/youtube-to-mp4/es.html]
[yt1s.com/facebook-downloader/es.html]
[yt1s.com/youtube-to-mp3/fr.html]
[yt1s.com/youtube-to-mp4/fr.html]
[yt1s.com/facebook-downloader/fr.html]
[yt1s.com/youtube-to-mp3/hi.html]
[yt1s.com/youtube-to-mp4/hi.html]
[yt1s.com/facebook-downloader/hi.html]
[yt1s.com/youtube-to-mp3/id.html]
[yt1s.com/youtube-to-mp4/id.html]
[yt1s.com/facebook-downloader/id.html]
[yt1s.com/youtube-to-mp3/it.html]
[yt1s.com/youtube-to-mp4/it.html]
[yt1s.com/facebook-downloader/it.html]
[yt1s.com/youtube-to-mp3/ja.html]
[yt1s.com/youtube-to-mp4/ja.html]
[yt1s.com/facebook-downloader/ja.html]
[yt1s.com/youtube-to-mp3/ko.html]
[yt1s.com/youtube-to-mp4/ko.html]
[yt1s.com/facebook-downloader/ko.html]
[yt1s.com/youtube-to-mp3/my.html]
[yt1s.com/youtube-to-mp4/my.html]
[yt1s.com/facebook-downloader/my.html]
[yt1s.com/youtube-to-mp3/ms.html]
[yt1s.com/youtube-to-mp4/ms.html]
[yt1s.com/facebook-downloader/ms.html]
[yt1s.com/youtube-to-mp3/ph.html]
[yt1s.com/youtube-to-mp4/ph.html]
[yt1s.com/facebook-downloader/ph.html]
[yt1s.com/youtube-to-mp3/pt.html]
[yt1s.com/youtube-to-mp4/pt.html]
[yt1s.com/facebook-downloader/pt.html]
[yt1s.com/youtube-to-mp3/ru.html]
[yt1s.com/youtube-to-mp4/ru.html]
[yt1s.com/facebook-downloader/ru.html]
[yt1s.com/youtube-to-mp3/th.html]
[yt1s.com/youtube-to-mp4/th.html]
[yt1s.com/facebook-downloader/th.html]
[yt1s.com/youtube-to-mp3/tr.html]
[yt1s.com/youtube-to-mp4/tr.html]
[yt1s.com/facebook-downloader/tr.html]
[yt1s.com/youtube-to-mp3/vi.html]
[yt1s.com/youtube-to-mp4/vi.html]
[yt1s.com/facebook-downloader/vi.html]
[yt1s.com/youtube-to-mp3/zh-cn.html]
[yt1s.com/youtube-to-mp4/zh-cn.html]
[yt1s.com/facebook-downloader/zh-cn.html]
[yt1s.com/youtube-to-mp3/zh-tw.html]
[yt1s.com/youtube-to-mp4/zh-tw.html]
[yt1s.com/facebook-downloader/zh-tw.html]
[yt1s.com/youtube-to-mp3/sa.html]
[yt1s.com/youtube-to-mp4/sa.html]
[yt1s.com/facebook-downloader/sa.html]
[yt1s.com/youtube-to-mp3/bn.html]
[yt1s.com/youtube-to-mp4/bn.html]
[yt1s.com/facebook-downloader/bn.html]
[yt1s.com/contact-usfef7.html]
[yt1s.com/contact-us0016.html]
[yt1s.com/contact-usde3a.html]
[yt1s.com/contact-us7d7c.html]
[yt1s.com/contact-us9841.html]
[yt1s.com/contact-us0cf2.html]
[yt1s.com/contact-usa209.html]
[yt1s.com/contact-us9e29.html]
[yt1s.com/contact-us232e.html]
[yt1s.com/contact-us4f02.html]
[yt1s.com/contact-us7c40.html]
[yt1s.com/contact-us7789.html]
[yt1s.com/contact-us28b7.html]
[yt1s.com/contact-us9201.html]
[yt1s.com/contact-us7a92.html]
[yt1s.com/contact-us9e3e.html]
[yt1s.com/contact-us327f.html]
[yt1s.com/contact-us0b8e.html]
[yt1s.com/contact-usf854.html]
[yt1s.com/contact-us4a9e.html]
[yt1s.com/contact-usd294.html]
[yt1s.com/cdn-cgi/l/email-protection.html]
[yt1s.com/privacy-policyfef7.html]
[yt1s.com/privacy-policy0016.html]
[yt1s.com/privacy-policyde3a.html]
[yt1s.com/privacy-policy7d7c.html]
[yt1s.com/privacy-policy9841.html]
[yt1s.com/privacy-policy0cf2.html]
[yt1s.com/privacy-policya209.html]
[yt1s.com/privacy-policy9e29.html]
[yt1s.com/privacy-policy232e.html]
[yt1s.com/privacy-policy4f02.html]
[yt1s.com/privacy-policy7c40.html]
[yt1s.com/privacy-policy7789.html]
[yt1s.com/privacy-policy28b7.html]
[yt1s.com/privacy-policy9201.html]
[yt1s.com/privacy-policy7a92.html]
[yt1s.com/privacy-policy9e3e.html]
[yt1s.com/privacy-policy327f.html]
[yt1s.com/privacy-policy0b8e.html]
[yt1s.com/privacy-policyf854.html]
[yt1s.com/site/termsofserviced294.html]
[yt1s.com/privacy-policy4a9e.html]
[yt1s.com/privacy-policyd294.html]
[yt1s.com/site/termsofservicefef7.html]
[yt1s.com/site/termsofservice0016.html]
[yt1s.com/site/termsofservicede3a.html]
[yt1s.com/site/termsofservice7d7c.html]
[yt1s.com/site/termsofservice9841.html]
[yt1s.com/site/termsofservice0cf2.html]
[yt1s.com/site/termsofservicea209.html]
[yt1s.com/site/termsofservice9e29.html]
[yt1s.com/site/termsofservice232e.html]
[yt1s.com/site/termsofservice4f02.html]
[yt1s.com/site/termsofservice7c40.html]
[yt1s.com/site/termsofservice7789.html]
[yt1s.com/site/termsofservice28b7.html]
[yt1s.com/site/termsofservice9201.html]
[yt1s.com/site/termsofservice7a92.html]
[yt1s.com/site/termsofservice9e3e.html]
[yt1s.com/site/termsofservice327f.html]
[yt1s.com/site/termsofservice0b8e.html]
[yt1s.com/site/termsofservicef854.html]
[yt1s.com/site/termsofservice4a9e.html]
[yt1s.com/site/termsofserviced294.html]
